src/components/AnalyticsDashboard.tsx(1,32): error TS2792: Cannot find module 'react'. Did you mean to set the 'moduleResolution' option to 'nodenext', or to add aliases to the 'paths' option?
src/components/AnalyticsDashboard.tsx(4,95): error TS2792: Cannot find module 'react-icons/fa6'. Did you mean to set the 'moduleResolution' option to 'nodenext', or to add aliases to the 'paths' option?
src/components/AnalyticsDashboard.tsx(5,136): error TS2792: Cannot find module 'recharts'. Did you mean to set the 'moduleResolution' option to 'nodenext', or to add aliases to the 'paths' option?
src/components/AnalyticsDashboard.tsx(144,5): error TS2792: Cannot find module 'react/jsx-runtime'. Did you mean to set the 'moduleResolution' option to 'nodenext', or to add aliases to the 'paths' option?
src/components/AnnouncementsManager.tsx(1,44): error TS2792: Cannot find module 'react'. Did you mean to set the 'moduleResolution' option to 'nodenext', or to add aliases to the 'paths' option?
src/components/AnnouncementsManager.tsx(5,85): error TS2792: Cannot find module 'react-icons/fa6'. Did you mean to set the 'moduleResolution' option to 'nodenext', or to add aliases to the 'paths' option?
src/components/AnnouncementsManager.tsx(120,5): error TS2792: Cannot find module 'react/jsx-runtime'. Did you mean to set the 'moduleResolution' option to 'nodenext', or to add aliases to the 'paths' option?
src/components/BackupRestore.tsx(1,33): error TS2792: Cannot find module 'react'. Did you mean to set the 'moduleResolution' option to 'nodenext', or to add aliases to the 'paths' option?
src/components/BackupRestore.tsx(5,104): error TS2792: Cannot find module 'react-icons/fa6'. Did you mean to set the 'moduleResolution' option to 'nodenext', or to add aliases to the 'paths' option?
src/components/BackupRestore.tsx(109,5): error TS2792: Cannot find module 'react/jsx-runtime'. Did you mean to set the 'moduleResolution' option to 'nodenext', or to add aliases to the 'paths' option?
src/components/BulkActions.tsx(1,33): error TS2792: Cannot find module 'react'. Did you mean to set the 'moduleResolution' option to 'nodenext', or to add aliases to the 'paths' option?
src/components/BulkActions.tsx(5,108): error TS2792: Cannot find module 'react-icons/fa6'. Did you mean to set the 'moduleResolution' option to 'nodenext', or to add aliases to the 'paths' option?
src/components/BulkActions.tsx(89,5): error TS2792: Cannot find module 'react/jsx-runtime'. Did you mean to set the 'moduleResolution' option to 'nodenext', or to add aliases to the 'paths' option?
src/components/ClassManager.tsx(1,33): error TS2792: Cannot find module 'react'. Did you mean to set the 'moduleResolution' option to 'nodenext', or to add aliases to the 'paths' option?
src/components/ClassManager.tsx(5,80): error TS2792: Cannot find module 'react-icons/fa6'. Did you mean to set the 'moduleResolution' option to 'nodenext', or to add aliases to the 'paths' option?
src/components/ClassManager.tsx(81,5): error TS2792: Cannot find module 'react/jsx-runtime'. Did you mean to set the 'moduleResolution' option to 'nodenext', or to add aliases to the 'paths' option?
src/components/EnrollmentManager.tsx(1,33): error TS2792: Cannot find module 'react'. Did you mean to set the 'moduleResolution' option to 'nodenext', or to add aliases to the 'paths' option?
src/components/EnrollmentManager.tsx(5,63): error TS2792: Cannot find module 'react-icons/fa6'. Did you mean to set the 'moduleResolution' option to 'nodenext', or to add aliases to the 'paths' option?
src/components/EnrollmentManager.tsx(61,5): error TS2792: Cannot find module 'react/jsx-runtime'. Did you mean to set the 'moduleResolution' option to 'nodenext', or to add aliases to the 'paths' option?
src/components/FeedbackTemplates.tsx(1,33): error TS2792: Cannot find module 'react'. Did you mean to set the 'moduleResolution' option to 'nodenext', or to add aliases to the 'paths' option?
src/components/FeedbackTemplates.tsx(5,112): error TS2792: Cannot find module 'react-icons/fa6'. Did you mean to set the 'moduleResolution' option to 'nodenext', or to add aliases to the 'paths' option?
src/components/FeedbackTemplates.tsx(118,5): error TS2792: Cannot find module 'react/jsx-runtime'. Did you mean to set the 'moduleResolution' option to 'nodenext', or to add aliases to the 'paths' option?
src/components/GradebookExport.tsx(1,33): error TS2792: Cannot find module 'react'. Did you mean to set the 'moduleResolution' option to 'nodenext', or to add aliases to the 'paths' option?
src/components/GradebookExport.tsx(5,61): error TS2792: Cannot find module 'react-icons/fa6'. Did you mean to set the 'moduleResolution' option to 'nodenext', or to add aliases to the 'paths' option?
src/components/GradebookExport.tsx(127,5): error TS2792: Cannot find module 'react/jsx-runtime'. Did you mean to set the 'moduleResolution' option to 'nodenext', or to add aliases to the 'paths' option?
src/components/HelpQueue.tsx(1,33): error TS2792: Cannot find module 'react'. Did you mean to set the 'moduleResolution' option to 'nodenext', or to add aliases to the 'paths' option?
src/components/HelpQueue.tsx(5,89): error TS2792: Cannot find module 'react-icons/fa6'. Did you mean to set the 'moduleResolution' option to 'nodenext', or to add aliases to the 'paths' option?
src/components/HelpQueue.tsx(50,5): error TS2792: Cannot find module 'react/jsx-runtime'. Did you mean to set the 'moduleResolution' option to 'nodenext', or to add aliases to the 'paths' option?
src/components/LessonLibrary.tsx(1,33): error TS2792: Cannot find module 'react'. Did you mean to set the 'moduleResolution' option to 'nodenext', or to add aliases to the 'paths' option?
src/components/LessonLibrary.tsx(5,135): error TS2792: Cannot find module 'react-icons/fa6'. Did you mean to set the 'moduleResolution' option to 'nodenext', or to add aliases to the 'paths' option?
src/components/LessonLibrary.tsx(118,5): error TS2792: Cannot find module 'react/jsx-runtime'. Did you mean to set the 'moduleResolution' option to 'nodenext', or to add aliases to the 'paths' option?
src/components/P5Editor.tsx(1,65): error TS2792: Cannot find module 'react'. Did you mean to set the 'moduleResolution' option to 'nodenext', or to add aliases to the 'paths' option?
src/components/P5Editor.tsx(2,140): error TS2792: Cannot find module 'react-icons/fa6'. Did you mean to set the 'moduleResolution' option to 'nodenext', or to add aliases to the 'paths' option?
src/components/P5Editor.tsx(217,5): error TS2792: Cannot find module 'react/jsx-runtime'. Did you mean to set the 'moduleResolution' option to 'nodenext', or to add aliases to the 'paths' option?
src/components/RubricsManager.tsx(1,33): error TS2792: Cannot find module 'react'. Did you mean to set the 'moduleResolution' option to 'nodenext', or to add aliases to the 'paths' option?
src/components/RubricsManager.tsx(5,81): error TS2792: Cannot find module 'react-icons/fa6'. Did you mean to set the 'moduleResolution' option to 'nodenext', or to add aliases to the 'paths' option?
src/components/RubricsManager.tsx(110,5): error TS2792: Cannot find module 'react/jsx-runtime'. Did you mean to set the 'moduleResolution' option to 'nodenext', or to add aliases to the 'paths' option?
src/components/SB3FileUpload.tsx(1,41): error TS2792: Cannot find module 'react'. Did you mean to set the 'moduleResolution' option to 'nodenext', or to add aliases to the 'paths' option?
src/components/SB3FileUpload.tsx(71,5): error TS2792: Cannot find module 'react/jsx-runtime'. Did you mean to set the 'moduleResolution' option to 'nodenext', or to add aliases to the 'paths' option?
src/components/ScratchEditor.tsx(1,65): error TS2792: Cannot find module 'react'. Did you mean to set the 'moduleResolution' option to 'nodenext', or to add aliases to the 'paths' option?
src/components/ScratchEditor.tsx(156,5): error TS2792: Cannot find module 'react/jsx-runtime'. Did you mean to set the 'moduleResolution' option to 'nodenext', or to add aliases to the 'paths' option?
src/components/ScratchProjectImport.tsx(1,33): error TS2792: Cannot find module 'react'. Did you mean to set the 'moduleResolution' option to 'nodenext', or to add aliases to the 'paths' option?
src/components/ScratchProjectImport.tsx(4,137): error TS2792: Cannot find module 'react-icons/fa6'. Did you mean to set the 'moduleResolution' option to 'nodenext', or to add aliases to the 'paths' option?
src/components/ScratchProjectImport.tsx(230,13): error TS2322: Type 'Omit<Unit, "id">[]' is not assignable to type 'Unit[]'.
  Property 'id' is missing in type 'Omit<Unit, "id">' but required in type 'Unit'.
src/components/ScratchProjectImport.tsx(272,37): error TS2677: A type predicate's type must be assignable to its parameter's type.
  Type 'LessonPlan' is not assignable to type '{ id: string; classId: any; unitId: string; type: "Lesson"; topic: string; title: string; difficulty: "Beginner" | "Intermediate" | "Advanced"; objective: string; description: string; theory: string; ... 6 more ...; referenceProject: string; }'.
    Property 'classId' is optional in type 'LessonPlan' but required in type '{ id: string; classId: any; unitId: string; type: "Lesson"; topic: string; title: string; difficulty: "Beginner" | "Intermediate" | "Advanced"; objective: string; description: string; theory: string; ... 6 more ...; referenceProject: string; }'.
src/components/ScratchProjectImport.tsx(293,5): error TS2792: Cannot find module 'react/jsx-runtime'. Did you mean to set the 'moduleResolution' option to 'nodenext', or to add aliases to the 'paths' option?
src/components/StudentAnalytics.tsx(1,42): error TS2792: Cannot find module 'react'. Did you mean to set the 'moduleResolution' option to 'nodenext', or to add aliases to the 'paths' option?
src/components/StudentAnalytics.tsx(5,119): error TS2792: Cannot find module 'react-icons/fa6'. Did you mean to set the 'moduleResolution' option to 'nodenext', or to add aliases to the 'paths' option?
src/components/StudentAnalytics.tsx(6,163): error TS2792: Cannot find module 'recharts'. Did you mean to set the 'moduleResolution' option to 'nodenext', or to add aliases to the 'paths' option?
src/components/StudentAnalytics.tsx(151,5): error TS2792: Cannot find module 'react/jsx-runtime'. Did you mean to set the 'moduleResolution' option to 'nodenext', or to add aliases to the 'paths' option?
src/components/StudentRoster.tsx(1,41): error TS2792: Cannot find module 'react'. Did you mean to set the 'moduleResolution' option to 'nodenext', or to add aliases to the 'paths' option?
src/components/StudentRoster.tsx(5,77): error TS2792: Cannot find module 'react-icons/fa6'. Did you mean to set the 'moduleResolution' option to 'nodenext', or to add aliases to the 'paths' option?
src/components/StudentRoster.tsx(96,5): error TS2792: Cannot find module 'react/jsx-runtime'. Did you mean to set the 'moduleResolution' option to 'nodenext', or to add aliases to the 'paths' option?
src/components/TeacherDashboard.tsx(1,52): error TS2792: Cannot find module 'react'. Did you mean to set the 'moduleResolution' option to 'nodenext', or to add aliases to the 'paths' option?
src/components/TeacherDashboard.tsx(5,455): error TS2792: Cannot find module 'react-icons/fa6'. Did you mean to set the 'moduleResolution' option to 'nodenext', or to add aliases to the 'paths' option?
src/components/TeacherDashboard.tsx(895,5): error TS2792: Cannot find module 'react/jsx-runtime'. Did you mean to set the 'moduleResolution' option to 'nodenext', or to add aliases to the 'paths' option?
src/components/ui/Button.tsx(1,19): error TS2792: Cannot find module 'react'. Did you mean to set the 'moduleResolution' option to 'nodenext', or to add aliases to the 'paths' option?
src/components/ui/Button.tsx(31,5): error TS2792: Cannot find module 'react/jsx-runtime'. Did you mean to set the 'moduleResolution' option to 'nodenext', or to add aliases to the 'paths' option?
src/components/ui/Card.tsx(1,19): error TS2792: Cannot find module 'react'. Did you mean to set the 'moduleResolution' option to 'nodenext', or to add aliases to the 'paths' option?
src/components/ui/Card.tsx(4,3): error TS2792: Cannot find module 'react/jsx-runtime'. Did you mean to set the 'moduleResolution' option to 'nodenext', or to add aliases to the 'paths' option?
src/lib/supabase.ts(1,30): error TS2792: Cannot find module '@supabase/supabase-js'. Did you mean to set the 'moduleResolution' option to 'nodenext', or to add aliases to the 'paths' option?
src/lib/supabase.ts(5,33): error TS2339: Property 'env' does not exist on type 'ImportMeta'.
src/lib/supabase.ts(6,37): error TS2339: Property 'env' does not exist on type 'ImportMeta'.
src/lib/supabase.ts(11,36): error TS2339: Property 'env' does not exist on type 'ImportMeta'.
src/services/openRouterService.ts(5,28): error TS2339: Property 'env' does not exist on type 'ImportMeta'.
src/services/sb3FileProcessor.ts(6,19): error TS2792: Cannot find module 'jszip'. Did you mean to set the 'moduleResolution' option to 'nodenext', or to add aliases to the 'paths' option?
src/services/sb3FileProcessor.ts(31,20): error TS2339: Property 'dir' does not exist on type 'unknown'.
src/services/sb3FileProcessor.ts(35,40): error TS2339: Property 'async' does not exist on type 'unknown'.
src/services/sb3FileProcessor.ts(39,40): error TS2339: Property 'async' does not exist on type 'unknown'.
src/services/sb3FileProcessor.ts(44,40): error TS2339: Property 'async' does not exist on type 'unknown'.
src/services/supabaseService.ts(556,9): error TS2393: Duplicate function implementation.
src/services/supabaseService.ts(605,9): error TS2393: Duplicate function implementation.
